Microchip MPLAB XC8 Compiler V2.32

Linker command line:

-W-3 --edf=C:\Program Files\Microchip\xc8\v2.32\pic\dat\en_msgs.txt -cn \
  -h+dist/default/production\PFU1.X.production.sym \
  --cmf=dist/default/production\PFU1.X.production.cmf -z -Q18F46K22 \
  -oC:\Users\marfi\AppData\Local\Temp\xcAs9h0.4 --defsym=__MPLAB_BUILD=1 \
  -Mdist/default/production/PFU1.X.production.map -E1 -ver=XC8 Compiler \
  --acfsm=1493 -ASTACK=060h-0F37h -pstack=STACK -ACODE=00h-0FFFFh \
  -ACONST=00h-0FFFFh -ASMALLCONST=01000h-010FFhx240 \
  -AMEDIUMCONST=01000h-0FFFFh -ACOMRAM=01h-05Fh -AABS1=00h-0F37h \
  -ABIGRAM=01h-0F37h -ARAM=060h-0FFh,0100h-01FFhx14,0F00h-0F37h \
  -ABANK0=060h-0FFh -ABANK1=0100h-01FFh -ABANK2=0200h-02FFh \
  -ABANK3=0300h-03FFh -ABANK4=0400h-04FFh -ABANK5=0500h-05FFh \
  -ABANK6=0600h-06FFh -ABANK7=0700h-07FFh -ABANK8=0800h-08FFh \
  -ABANK9=0900h-09FFh -ABANK10=0A00h-0AFFh -ABANK11=0B00h-0BFFh \
  -ABANK12=0C00h-0CFFh -ABANK13=0D00h-0DFFh -ABANK14=0E00h-0EFFh \
  -ABANK15=0F00h-0F37h -ASFR=0F38h-0F5Fh,0F60h-0FFFh \
  -ACONFIG=0300000h-030000Dh -AIDLOC=0200000h-0200007h \
  -AEEDATA=0F00000h-0F003FFh -peeprom_data=EEDATA \
  -preset_vec=00h,intcode=08h,intcodelo,powerup,init -pramtop=01000h \
  -psmallconst=SMALLCONST -pmediumconst=MEDIUMCONST -pconst=CONST \
  -AFARRAM=00h-00h \
  -prdata=COMRAM,nvrram=COMRAM,nvbit=COMRAM,rbss=COMRAM,rbit=COMRAM \
  -pfarbss=FARRAM,fardata=FARRAM,nvFARRAM=FARRAM \
  -pintsave_regs=BIGRAM,bigbss=BIGRAM,bigdata=BIGRAM -pbss=RAM \
  -pidata=CODE,irdata=CODE,ibigdata=CODE,ifardata=CODE -prparam=COMRAM \
  C:\Users\marfi\AppData\Local\Temp\xcAs9h0.o \
  dist/default/production\PFU1.X.production.o 

Object code version is 3.11

Machine type is 18F46K22



                Name                               Link     Load   Length Selector   Space Scale
C:\Users\marfi\AppData\Local\Temp\xcAs9h0.o
                idloc                            200000   200000        8        0       5
                config                           300000   300000        E        0       4
                init                                 34       34        4        4       0
                reset_vec                             0        0        4        0       0
dist/default/production\PFU1.X.production.o
                intcode                               8        8       2C        4       0
                idloc                            200000   200000        8        0       5
                config                           300000   300000        E        0       4
                temp                                  F        F        1        1       1
                smallconst                         1000     1000        C      800       0
                text4                              100C     100C       C4      806       0
                text3                              10D0     10D0       B0      806       0
                text2                              124E     124E       4A      806       0
                text1                              1202     1202       4C      806       0
                text0                              1180     1180       82      806       0
                cstackCOMRAM                          1        1        A        1       1
                bssCOMRAM                             B        B        4        1       1
                cinit                              1298     1298       1A      806       0

TOTAL           Name                               Link     Load   Length     Space
        CLASS   STACK          

        CLASS   CODE           
                intcode                               8        8       2C         0
                init                                 34       34        4         0
                reset_vec                             0        0        4         0
                text4                              100C     100C       C4         0
                text3                              10D0     10D0       B0         0
                text2                              124E     124E       4A         0
                text1                              1202     1202       4C         0
                text0                              1180     1180       82         0
                cinit                              1298     1298       1A         0

        CLASS   CONST          

        CLASS   SMALLCONST     
                smallconst                         1000     1000        C         0

        CLASS   MEDIUMCONST    

        CLASS   COMRAM         
                temp                                  F        F        1         1
                cstackCOMRAM                          1        1        A         1
                bssCOMRAM                             B        B        4         1

        CLASS   ABS1           

        CLASS   BIGRAM         

        CLASS   RAM            

        CLASS   BANK0          

        CLASS   BANK1          

        CLASS   BANK2          

        CLASS   BANK3          

        CLASS   BANK4          

        CLASS   BANK5          

        CLASS   BANK6          

        CLASS   BANK7          

        CLASS   BANK8          

        CLASS   BANK9          

        CLASS   BANK10         

        CLASS   BANK11         

        CLASS   BANK12         

        CLASS   BANK13         

        CLASS   BANK14         

        CLASS   BANK15         

        CLASS   SFR            

        CLASS   CONFIG         
                config                           300000   300000        E         4

        CLASS   IDLOC          
                idloc                            200000   200000        8         5

        CLASS   EEDATA         

        CLASS   FARRAM         



SEGMENTS        Name                           Load    Length   Top    Selector   Space  Class

                reset_vec                      000000  000004  000004         0       0  CODE    
                cstackCOMRAM                   000001  00000F  000010         1       1  COMRAM  
                intcode                        000008  000030  000038         4       0  CODE    
                smallconst                     001000  00000C  00100C       800       0  SMALLCON
                text4                          00100C  0002A6  0012B2       806       0  CODE    


UNUSED ADDRESS RANGES

        Name                Unused          Largest block    Delta
        BANK0            000060-0000FF               A0
        BANK1            000100-0001FF              100
        BANK10           000A00-000AFF              100
        BANK11           000B00-000BFF              100
        BANK12           000C00-000CFF              100
        BANK13           000D00-000DFF              100
        BANK14           000E00-000EFF              100
        BANK15           000F00-000F37               38
        BANK2            000200-0002FF              100
        BANK3            000300-0003FF              100
        BANK4            000400-0004FF              100
        BANK5            000500-0005FF              100
        BANK6            000600-0006FF              100
        BANK7            000700-0007FF              100
        BANK8            000800-0008FF              100
        BANK9            000900-0009FF              100
        BIGRAM           000010-000F37              F28
        CODE             000004-000007                4
                         000038-000FFF              FC8
                         0012B2-00FFFF             ED4E
        COMRAM           000010-00005F               50
        CONST            000004-000007                4
                         000038-000FFF              FC8
                         0012B2-00FFFF             ED4E
        EEDATA           F00000-F003FF              400
        MEDIUMCONST      0012B2-00FFFF             ED4E
        RAM              000060-000F37              100
        SFR              000F38-000FFF               28
        SMALLCONST       0012B2-00FFFF              100
        STACK            000060-000F37              ED8

                                  Symbol Table

?___awdiv                cstackCOMRAM 000001
?___awmod                cstackCOMRAM 000001
_ANSELA                  (abs)        000F38
_ANSELB                  (abs)        000F39
_ANSELD                  (abs)        000F3B
_GIE                     (abs)        007F97
_INT0IE                  (abs)        007F94
_INT0IF                  (abs)        007F91
_INT1IE                  (abs)        007F83
_INT1IF                  (abs)        007F80
_LATAbits                (abs)        000F89
_LATD                    (abs)        000F8C
_OSCCONbits              (abs)        000FD3
_PEIE                    (abs)        007F96
_TRISA                   (abs)        000F92
_TRISD                   (abs)        000F95
__HRAM                   (abs)        000000
__Habs1                  abs1         000000
__Hbank0                 bank0        000000
__Hbank1                 bank1        000000
__Hbank10                bank10       000000
__Hbank11                bank11       000000
__Hbank12                bank12       000000
__Hbank13                bank13       000000
__Hbank14                bank14       000000
__Hbank15                bank15       000000
__Hbank2                 bank2        000000
__Hbank3                 bank3        000000
__Hbank4                 bank4        000000
__Hbank5                 bank5        000000
__Hbank6                 bank6        000000
__Hbank7                 bank7        000000
__Hbank8                 bank8        000000
__Hbank9                 bank9        000000
__Hbigbss                bigbss       000000
__Hbigdata               bigdata      000000
__Hbigram                bigram       000000
__Hbss                   bss          000000
__HbssCOMRAM             bssCOMRAM    000000
__Hcinit                 cinit        000000
__Hclrtext               clrtext      000000
__Hcomram                comram       000000
__Hconfig                config       30000E
__Hconst                 const        000000
__HcstackCOMRAM          cstackCOMRAM 000000
__Hdata                  data         000000
__Heeprom_data           eeprom_data  000000
__Hfarbss                farbss       000000
__Hfardata               fardata      000000
__Hibigdata              ibigdata     000000
__Hidata                 idata        000000
__Hidloc                 idloc        200008
__Hifardata              ifardata     000000
__Hinit                  init         000038
__Hintcode               intcode      000034
__Hintcode_body          intcode_body 000000
__Hintcodelo             intcodelo    000034
__Hintentry              intentry     000000
__Hintret                intret       000000
__Hintsave_regs          intsave_regs 000000
__Hirdata                irdata       000000
__Hmediumconst           mediumconst  000000
__HnvFARRAM              nvFARRAM     000000
__Hnvbit                 nvbit        000000
__Hnvrram                nvrram       000000
__Hparam                 rparam       000000
__Hpowerup               powerup      000034
__Hram                   ram          000000
__Hramtop                ramtop       001000
__Hrbit                  rbit         000000
__Hrbss                  rbss         000000
__Hrdata                 rdata        000000
__Hreset_vec             reset_vec    000004
__Hrparam                rparam       000000
__Hsfr                   sfr          000000
__Hsmallconst            smallconst   00100C
__Hspace_0               (abs)        0012B2
__Hspace_1               (abs)        000010
__Hspace_2               (abs)        000000
__Hspace_4               (abs)        60000E
__Hstack                 stack        000000
__Hstruct                struct       000000
__Htemp                  temp         000010
__Htext                  text         000000
__Htext0                 text0        000000
__Htext1                 text1        000000
__Htext2                 text2        000000
__Htext3                 text3        000000
__Htext4                 text4        000000
__LRAM                   (abs)        000001
__Labs1                  abs1         000000
__Lbank0                 bank0        000000
__Lbank1                 bank1        000000
__Lbank10                bank10       000000
__Lbank11                bank11       000000
__Lbank12                bank12       000000
__Lbank13                bank13       000000
__Lbank14                bank14       000000
__Lbank15                bank15       000000
__Lbank2                 bank2        000000
__Lbank3                 bank3        000000
__Lbank4                 bank4        000000
__Lbank5                 bank5        000000
__Lbank6                 bank6        000000
__Lbank7                 bank7        000000
__Lbank8                 bank8        000000
__Lbank9                 bank9        000000
__Lbigbss                bigbss       000000
__Lbigdata               bigdata      000000
__Lbigram                bigram       000000
__Lbss                   bss          000000
__LbssCOMRAM             bssCOMRAM    000000
__Lcinit                 cinit        000000
__Lclrtext               clrtext      000000
__Lcomram                comram       000000
__Lconfig                config       000000
__Lconst                 const        000000
__LcstackCOMRAM          cstackCOMRAM 000000
__Ldata                  data         000000
__Leeprom_data           eeprom_data  000000
__Lfarbss                farbss       000000
__Lfardata               fardata      000000
__Libigdata              ibigdata     000000
__Lidata                 idata        000000
__Lidloc                 idloc        000000
__Lifardata              ifardata     000000
__Linit                  init         000034
__Lintcode               intcode      000008
__Lintcode_body          intcode_body 000000
__Lintcodelo             intcodelo    000034
__Lintentry              intentry     000000
__Lintret                intret       000000
__Lintsave_regs          intsave_regs 000000
__Lirdata                irdata       000000
__Lmediumconst           mediumconst  000000
__LnvFARRAM              nvFARRAM     000000
__Lnvbit                 nvbit        000000
__Lnvrram                nvrram       000000
__Lparam                 rparam       000000
__Lpowerup               powerup      000034
__Lram                   ram          000000
__Lramtop                ramtop       001000
__Lrbit                  rbit         000000
__Lrbss                  rbss         000000
__Lrdata                 rdata        000000
__Lreset_vec             reset_vec    000000
__Lrparam                rparam       000000
__Lsfr                   sfr          000000
__Lsmallconst            smallconst   001000
__Lspace_0               (abs)        000000
__Lspace_1               (abs)        000000
__Lspace_2               (abs)        000000
__Lspace_4               (abs)        000000
__Lstack                 stack        000000
__Lstruct                struct       000000
__Ltemp                  temp         00000F
__Ltext                  text         000000
__Ltext0                 text0        000000
__Ltext1                 text1        000000
__Ltext2                 text2        000000
__Ltext3                 text3        000000
__Ltext4                 text4        000000
__S0                     (abs)        0012B2
__S1                     (abs)        000010
__S2                     (abs)        000000
__S4                     (abs)        000000
__S5                     (abs)        000000
___awdiv                 text4        00100C
___awdiv@counter         cstackCOMRAM 000005
___awdiv@dividend        cstackCOMRAM 000001
___awdiv@divisor         cstackCOMRAM 000003
___awdiv@quotient        cstackCOMRAM 000007
___awdiv@sign            cstackCOMRAM 000006
___awmod                 text3        0010D0
___awmod@counter         cstackCOMRAM 000005
___awmod@dividend        cstackCOMRAM 000001
___awmod@divisor         cstackCOMRAM 000003
___awmod@sign            cstackCOMRAM 000006
___inthi_sp              stack        000000
___intlo_sp              stack        000000
___param_bank            (abs)        000000
___rparam_used           (abs)        000001
___sp                    stack        000000
__accesstop              (abs)        000060
__activetblptr           (abs)        000001
__end_of___awdiv         text4        0010D0
__end_of___awmod         text3        001180
__end_of__initialization cinit        0012A0
__end_of_desnum          text2        001298
__end_of_main            text0        001202
__end_of_multip          text1        00124E
__end_of_num             smallconst   00100B
__end_of_pulsos          intcode      000034
__initialization         cinit        001298
__mediumconst            mediumconst  000000
__pbssCOMRAM             bssCOMRAM    00000B
__pcinit                 cinit        001298
__pcstackCOMRAM          cstackCOMRAM 000001
__pintcode               intcode      000008
__psmallconst            smallconst   001000
__ptext0                 text0        001180
__ptext1                 text1        001202
__ptext2                 text2        00124E
__ptext3                 text3        0010D0
__ptext4                 text4        00100C
__ramtop                 ramtop       001000
__size_of___awdiv        (abs)        000000
__size_of___awmod        (abs)        000000
__size_of_desnum         (abs)        000000
__size_of_main           (abs)        000000
__size_of_multip         (abs)        000000
__size_of_pulsos         (abs)        000000
__smallconst             smallconst   001000
_cen                     bssCOMRAM    00000C
_con                     bssCOMRAM    00000B
_dec                     bssCOMRAM    00000D
_desnum                  text2        00124E
_main                    text0        001180
_multip                  text1        001202
_num                     smallconst   001001
_pulsos                  intcode      000008
_uni                     bssCOMRAM    00000E
btemp                    temp         00000F
desnum@con               cstackCOMRAM 000009
end_of_initialization    cinit        0012A0
int$flags                temp         00000F
intlevel0                text         000000
intlevel1                text         000000
intlevel2                text         000000
intlevel3                text         000000
isa$std                  (abs)        000001
isa$xinst                (abs)        000000
multip@cen               cstackCOMRAM 000004
multip@dec               cstackCOMRAM 000001
multip@uni               cstackCOMRAM 000002
stackhi                  (abs)        000F37
stacklo                  (abs)        000060
start                    init         000034
start_initialization     cinit        001298
ttemp5                   temp         000010
ttemp6                   temp         000013
ttemp7                   temp         000017
wtemp8                   temp         000010


MODULE INFORMATION

Module		Function		Class		Link	Load	Size
C:\Program Files\Microchip\xc8\v2.32\pic\sources\c99\common\awdiv.c
		___awdiv       		CODE           	100C	0000	196

C:\Program Files\Microchip\xc8\v2.32\pic\sources\c99\common\awdiv.c estimated size: 196

code_PFU1.c
		_main          		CODE           	1180	0000	130
		_desnum        		CODE           	124E	0000	74
		_multip        		CODE           	1202	0000	76
		_pulsos        		CODE           	0008	0000	44

code_PFU1.c estimated size: 324

shared
		_num           		SMALLCONST     	1001	0000	10
		__initialization		CODE           	1298	0000	8

shared estimated size: 18

C:\Program Files\Microchip\xc8\v2.32\pic\sources\c99\common\awmod.c
		___awmod       		CODE           	10D0	0000	176

C:\Program Files\Microchip\xc8\v2.32\pic\sources\c99\common\awmod.c estimated size: 176

